PASS modules/sudoku/script.test.js
  Sudoku
    ✓ initializes board with 81 cells (69 ms)
    ✓ new game button resets the board (36 ms)
    ✓ timer updates (18 ms)
    ✓ clicking a fixed cell does not select it (34 ms)
    ✓ clicking an empty cell selects it (16 ms)
    ✓ entering a number via numpad (14 ms)
    ✓ erasing a number (15 ms)
    ✓ entering wrong number adds wrong class (24 ms)
    ✓ entering correct number removes wrong class (24 ms)
    ✓ checkWin is called and triggers alert when game is complete (39 ms)
    ✓ clicking numpad without selecting cell does nothing (14 ms)
    ✓ clicking outside pad buttons does nothing (11 ms)

Test Suites: 1 passed, 1 total
Tests:       12 passed, 12 total
Snapshots:   0 total
Time:        1.903 s
Ran all test suites matching modules/sudoku/script.test.js.
